
Copyright (C) 1994-2020 Synopsys, Inc.
This Synopsys software and all associated documentation are proprietary to Synopsys, Inc.
and may only be used pursuant to the terms and conditions of a written license agreement
with Synopsys, Inc. All other use, reproduction, modification, or distribution of the
Synopsys software or the associated documentation is strictly prohibited.
Tool: Synplify Pro (R)
Build: Q-2020.03L-SP1
Install: C:\lscc\diamond\3.12\synpbase
OS: Windows 6.2

Hostname: DESKTOP-4OJJTR2

Implementation : key0
Synopsys HDL compiler and linker, Version comp202003synp2, Build 182R, Built Oct 29 2020 10:49:53, @

Modified Files: 27
FID:  path (prevtimestamp, timestamp)
19       C:\Users\ESCOM\Documents\AC\2P\key00B\coder00.vhdl (2021-10-27 08:19:18, N/A)
20       C:\Users\ESCOM\Documents\AC\2P\key00B\contring00.vhdl (2021-10-26 23:55:07, N/A)
21       C:\Users\ESCOM\Documents\AC\2P\key00B\div00.vhdl (2021-10-25 22:59:17, N/A)
22       C:\Users\ESCOM\Documents\AC\2P\key00B\key00.vhdl (2021-10-27 08:11:35, N/A)
23       C:\Users\ESCOM\Documents\AC\2P\key00B\osc00.vhdl (2021-10-25 22:55:45, N/A)
24       C:\Users\ESCOM\Documents\AC\2P\key00B\oscint00.vhdl (2021-10-25 22:56:14, N/A)
25       C:\Users\ESCOM\Documents\AC\2P\key00B\packagekey00.vhdl (2021-10-27 08:10:24, N/A)
26       C:\Users\ESCOM\Documents\AC\2P\key00B\packageosc00.vhdl (2021-10-25 22:56:42, N/A)
27       C:\Users\braya\Downloads\Arquitectura de computadoras\Pruebas\GELACIO_ARQUITECTURA\Practicas 2do Parcial\PRACTICAS 2DO PARCIAL\key00B\coder00.vhdl (N/A, 2022-04-25 19:54:45)
28       C:\Users\braya\Downloads\Arquitectura de computadoras\Pruebas\GELACIO_ARQUITECTURA\Practicas 2do Parcial\PRACTICAS 2DO PARCIAL\key00B\contring00.vhdl (N/A, 2021-10-26 21:55:06)
29       C:\Users\braya\Downloads\Arquitectura de computadoras\Pruebas\GELACIO_ARQUITECTURA\Practicas 2do Parcial\PRACTICAS 2DO PARCIAL\key00B\div00.vhdl (N/A, 2021-10-25 20:59:16)
30       C:\Users\braya\Downloads\Arquitectura de computadoras\Pruebas\GELACIO_ARQUITECTURA\Practicas 2do Parcial\PRACTICAS 2DO PARCIAL\key00B\key00.vhdl (N/A, 2021-10-27 06:11:34)
31       C:\Users\braya\Downloads\Arquitectura de computadoras\Pruebas\GELACIO_ARQUITECTURA\Practicas 2do Parcial\PRACTICAS 2DO PARCIAL\key00B\osc00.vhdl (N/A, 2021-10-25 20:55:44)
32       C:\Users\braya\Downloads\Arquitectura de computadoras\Pruebas\GELACIO_ARQUITECTURA\Practicas 2do Parcial\PRACTICAS 2DO PARCIAL\key00B\oscint00.vhdl (N/A, 2021-10-25 20:56:14)
33       C:\Users\braya\Downloads\Arquitectura de computadoras\Pruebas\GELACIO_ARQUITECTURA\Practicas 2do Parcial\PRACTICAS 2DO PARCIAL\key00B\packagekey00.vhdl (N/A, 2021-10-27 06:10:24)
34       C:\Users\braya\Downloads\Arquitectura de computadoras\Pruebas\GELACIO_ARQUITECTURA\Practicas 2do Parcial\PRACTICAS 2DO PARCIAL\key00B\packageosc00.vhdl (N/A, 2021-10-25 20:56:42)
8        C:\lscc\diamond\3.12\cae_library\synthesis\vhdl\machxo2.vhd (2018-11-14 23:32:12, 2018-11-15 00:32:12)
9        C:\lscc\diamond\3.12\synpbase\lib\cpld\lattice.vhd (2020-10-29 09:20:44, 2020-10-29 10:20:44)
10       C:\lscc\diamond\3.12\synpbase\lib\vhd\arith.vhd (2020-10-29 09:23:10, 2020-10-29 10:23:10)
11       C:\lscc\diamond\3.12\synpbase\lib\vhd\hyperents.vhd (2020-10-29 09:23:10, 2020-10-29 10:23:10)
12       C:\lscc\diamond\3.12\synpbase\lib\vhd\location.map (2020-11-02 16:26:20, 2020-11-02 17:26:20)
13       C:\lscc\diamond\3.12\synpbase\lib\vhd\numeric.vhd (2020-10-29 09:23:10, 2020-10-29 10:23:10)
14       C:\lscc\diamond\3.12\synpbase\lib\vhd\snps_haps_pkg.vhd (2020-10-29 09:23:10, 2020-10-29 10:23:10)
15       C:\lscc\diamond\3.12\synpbase\lib\vhd\std.vhd (2020-10-29 09:23:10, 2020-10-29 10:23:10)
16       C:\lscc\diamond\3.12\synpbase\lib\vhd\std1164.vhd (2020-10-29 09:23:10, 2020-10-29 10:23:10)
17       C:\lscc\diamond\3.12\synpbase\lib\vhd\umr_capim.vhd (2020-10-29 09:23:10, 2020-10-29 10:23:10)
18       C:\lscc\diamond\3.12\synpbase\lib\vhd\unsigned.vhd (2020-10-29 09:23:10, 2020-10-29 10:23:10)

*******************************************************************
Modules that may have changed as a result of file changes: 6
MID:  lib.cell.view
0        work.coder00.coder0 may have changed because the following files changed:
                        C:\Users\braya\Downloads\Arquitectura de computadoras\Pruebas\GELACIO_ARQUITECTURA\Practicas 2do Parcial\PRACTICAS 2DO PARCIAL\key00B\coder00.vhdl (N/A, 2022-04-25 19:54:45) <-- (architecture and entity definition)
                        C:\Users\braya\Downloads\Arquitectura de computadoras\Pruebas\GELACIO_ARQUITECTURA\Practicas 2do Parcial\PRACTICAS 2DO PARCIAL\key00B\key00.vhdl (N/A, 2021-10-27 06:11:34) <-- (may instantiate this module)
2        work.contring00.contring0 may have changed because the following files changed:
                        C:\Users\braya\Downloads\Arquitectura de computadoras\Pruebas\GELACIO_ARQUITECTURA\Practicas 2do Parcial\PRACTICAS 2DO PARCIAL\key00B\contring00.vhdl (N/A, 2021-10-26 21:55:06) <-- (architecture and entity definition)
                        C:\Users\braya\Downloads\Arquitectura de computadoras\Pruebas\GELACIO_ARQUITECTURA\Practicas 2do Parcial\PRACTICAS 2DO PARCIAL\key00B\key00.vhdl (N/A, 2021-10-27 06:11:34) <-- (may instantiate this module)
4        work.div00.div0 may have changed because the following files changed:
                        C:\Users\braya\Downloads\Arquitectura de computadoras\Pruebas\GELACIO_ARQUITECTURA\Practicas 2do Parcial\PRACTICAS 2DO PARCIAL\key00B\div00.vhdl (N/A, 2021-10-25 20:59:16) <-- (architecture and entity definition)
                        C:\Users\braya\Downloads\Arquitectura de computadoras\Pruebas\GELACIO_ARQUITECTURA\Practicas 2do Parcial\PRACTICAS 2DO PARCIAL\key00B\key00.vhdl (N/A, 2021-10-27 06:11:34) <-- (may instantiate this module)
                        C:\Users\braya\Downloads\Arquitectura de computadoras\Pruebas\GELACIO_ARQUITECTURA\Practicas 2do Parcial\PRACTICAS 2DO PARCIAL\key00B\osc00.vhdl (N/A, 2021-10-25 20:55:44) <-- (may instantiate this module)
6        work.key00.key0 may have changed because the following files changed:
                        C:\Users\braya\Downloads\Arquitectura de computadoras\Pruebas\GELACIO_ARQUITECTURA\Practicas 2do Parcial\PRACTICAS 2DO PARCIAL\key00B\key00.vhdl (N/A, 2021-10-27 06:11:34) <-- (architecture and entity definition)
8        work.osc00.osc0 may have changed because the following files changed:
                        C:\Users\braya\Downloads\Arquitectura de computadoras\Pruebas\GELACIO_ARQUITECTURA\Practicas 2do Parcial\PRACTICAS 2DO PARCIAL\key00B\key00.vhdl (N/A, 2021-10-27 06:11:34) <-- (may instantiate this module)
                        C:\Users\braya\Downloads\Arquitectura de computadoras\Pruebas\GELACIO_ARQUITECTURA\Practicas 2do Parcial\PRACTICAS 2DO PARCIAL\key00B\osc00.vhdl (N/A, 2021-10-25 20:55:44) <-- (architecture and entity definition)
10       work.oscint00.oscint0 may have changed because the following files changed:
                        C:\Users\braya\Downloads\Arquitectura de computadoras\Pruebas\GELACIO_ARQUITECTURA\Practicas 2do Parcial\PRACTICAS 2DO PARCIAL\key00B\key00.vhdl (N/A, 2021-10-27 06:11:34) <-- (may instantiate this module)
                        C:\Users\braya\Downloads\Arquitectura de computadoras\Pruebas\GELACIO_ARQUITECTURA\Practicas 2do Parcial\PRACTICAS 2DO PARCIAL\key00B\osc00.vhdl (N/A, 2021-10-25 20:55:44) <-- (may instantiate this module)
                        C:\Users\braya\Downloads\Arquitectura de computadoras\Pruebas\GELACIO_ARQUITECTURA\Practicas 2do Parcial\PRACTICAS 2DO PARCIAL\key00B\oscint00.vhdl (N/A, 2021-10-25 20:56:14) <-- (architecture and entity definition)

*******************************************************************
Unmodified files: 0
FID:  path (timestamp)

*******************************************************************
Unchanged modules: 0
MID:  lib.cell.view
